[2026-05-01 20:58:19.863] [INFO ] [] []: HikariPool-1 - Shutdown initiated...
[2026-05-01 20:58:19.865] [INFO ] [] []: HikariPool-1 - Shutdown completed.
[2026-05-01 22:09:48.867] [WARN ] [] [f2d21e6d9ca34adc926f2efe64b35369]: ResourceBundle [i18n/messages] not found for MessageSource: Can't find bundle for base name i18n/messages, locale en
[2026-05-01 22:09:48.871] [WARN ] [] [f2d21e6d9ca34adc926f2efe64b35369]: ResourceBundle [pub/i18n/messages] not found for MessageSource: Can't find bundle for base name pub/i18n/messages, locale en
[2026-05-01 22:09:48.891] [WARN ] [] [f2d21e6d9ca34adc926f2efe64b35369]: ResourceBundle [i18n/messages] not found for MessageSource: Can't find bundle for base name i18n/messages, locale en
[2026-05-01 22:09:48.891] [WARN ] [] [f2d21e6d9ca34adc926f2efe64b35369]: ResourceBundle [pub/i18n/messages] not found for MessageSource: Can't find bundle for base name pub/i18n/messages, locale en
[2026-05-01 22:09:48.891] [WARN ] [] [f2d21e6d9ca34adc926f2efe64b35369]: ResourceBundle [i18n/messages] not found for MessageSource: Can't find bundle for base name i18n/messages, locale en
[2026-05-01 22:09:48.892] [WARN ] [] [f2d21e6d9ca34adc926f2efe64b35369]: ResourceBundle [pub/i18n/messages] not found for MessageSource: Can't find bundle for base name pub/i18n/messages, locale en
[2026-05-01 22:09:48.952] [WARN ] [] [f2d21e6d9ca34adc926f2efe64b35369]: ResourceBundle [i18n/messages] not found for MessageSource: Can't find bundle for base name i18n/messages, locale en
[2026-05-01 22:09:48.952] [WARN ] [] [f2d21e6d9ca34adc926f2efe64b35369]: ResourceBundle [pub/i18n/messages] not found for MessageSource: Can't find bundle for base name pub/i18n/messages, locale en
[2026-05-01 22:09:48.952] [WARN ] [] [f2d21e6d9ca34adc926f2efe64b35369]: ResourceBundle [i18n/messages] not found for MessageSource: Can't find bundle for base name i18n/messages, locale en
[2026-05-01 22:09:48.953] [WARN ] [] [f2d21e6d9ca34adc926f2efe64b35369]: ResourceBundle [pub/i18n/messages] not found for MessageSource: Can't find bundle for base name pub/i18n/messages, locale en
[2026-05-01 22:09:48.953] [WARN ] [] [f2d21e6d9ca34adc926f2efe64b35369]: ResourceBundle [i18n/messages] not found for MessageSource: Can't find bundle for base name i18n/messages, locale en
[2026-05-01 22:09:48.953] [WARN ] [] [f2d21e6d9ca34adc926f2efe64b35369]: ResourceBundle [pub/i18n/messages] not found for MessageSource: Can't find bundle for base name pub/i18n/messages, locale en
[2026-05-01 22:09:48.995] [WARN ] [] [f2d21e6d9ca34adc926f2efe64b35369]: ResourceBundle [i18n/messages] not found for MessageSource: Can't find bundle for base name i18n/messages, locale en
[2026-05-01 22:09:48.995] [WARN ] [] [f2d21e6d9ca34adc926f2efe64b35369]: ResourceBundle [pub/i18n/messages] not found for MessageSource: Can't find bundle for base name pub/i18n/messages, locale en
[2026-05-01 22:09:48.995] [WARN ] [] [f2d21e6d9ca34adc926f2efe64b35369]: ResourceBundle [i18n/messages] not found for MessageSource: Can't find bundle for base name i18n/messages, locale en
[2026-05-01 22:09:48.995] [WARN ] [] [f2d21e6d9ca34adc926f2efe64b35369]: ResourceBundle [pub/i18n/messages] not found for MessageSource: Can't find bundle for base name pub/i18n/messages, locale en
[2026-05-01 22:09:48.995] [WARN ] [] [f2d21e6d9ca34adc926f2efe64b35369]: ResourceBundle [i18n/messages] not found for MessageSource: Can't find bundle for base name i18n/messages, locale en
[2026-05-01 22:09:48.997] [WARN ] [] [f2d21e6d9ca34adc926f2efe64b35369]: ResourceBundle [pub/i18n/messages] not found for MessageSource: Can't find bundle for base name pub/i18n/messages, locale en
[2026-05-01 22:09:49.049] [WARN ] [] [f2d21e6d9ca34adc926f2efe64b35369]: ResourceBundle [i18n/messages] not found for MessageSource: Can't find bundle for base name i18n/messages, locale en
[2026-05-01 22:09:49.049] [WARN ] [] [f2d21e6d9ca34adc926f2efe64b35369]: ResourceBundle [pub/i18n/messages] not found for MessageSource: Can't find bundle for base name pub/i18n/messages, locale en
[2026-05-01 22:09:49.049] [WARN ] [] [f2d21e6d9ca34adc926f2efe64b35369]: ResourceBundle [i18n/messages] not found for MessageSource: Can't find bundle for base name i18n/messages, locale en
[2026-05-01 22:09:49.049] [WARN ] [] [f2d21e6d9ca34adc926f2efe64b35369]: ResourceBundle [pub/i18n/messages] not found for MessageSource: Can't find bundle for base name pub/i18n/messages, locale en
[2026-05-01 22:09:49.050] [WARN ] [] [f2d21e6d9ca34adc926f2efe64b35369]: ResourceBundle [i18n/messages] not found for MessageSource: Can't find bundle for base name i18n/messages, locale en
[2026-05-01 22:09:49.050] [WARN ] [] [f2d21e6d9ca34adc926f2efe64b35369]: ResourceBundle [pub/i18n/messages] not found for MessageSource: Can't find bundle for base name pub/i18n/messages, locale en
[2026-05-01 22:09:49.052] [WARN ] [] [f2d21e6d9ca34adc926f2efe64b35369]: ResourceBundle [i18n/messages] not found for MessageSource: Can't find bundle for base name i18n/messages, locale en
[2026-05-01 22:09:49.052] [WARN ] [] [f2d21e6d9ca34adc926f2efe64b35369]: ResourceBundle [pub/i18n/messages] not found for MessageSource: Can't find bundle for base name pub/i18n/messages, locale en
[2026-05-01 22:09:49.052] [WARN ] [] [f2d21e6d9ca34adc926f2efe64b35369]: ResourceBundle [i18n/messages] not found for MessageSource: Can't find bundle for base name i18n/messages, locale en
[2026-05-01 22:09:49.053] [WARN ] [] [f2d21e6d9ca34adc926f2efe64b35369]: ResourceBundle [pub/i18n/messages] not found for MessageSource: Can't find bundle for base name pub/i18n/messages, locale en
[2026-05-01 22:09:49.053] [WARN ] [] [f2d21e6d9ca34adc926f2efe64b35369]: ResourceBundle [i18n/messages] not found for MessageSource: Can't find bundle for base name i18n/messages, locale en
[2026-05-01 22:09:49.053] [WARN ] [] [f2d21e6d9ca34adc926f2efe64b35369]: ResourceBundle [pub/i18n/messages] not found for MessageSource: Can't find bundle for base name pub/i18n/messages, locale en
[2026-05-01 22:09:49.084] [WARN ] [] [f2d21e6d9ca34adc926f2efe64b35369]: ResourceBundle [i18n/messages] not found for MessageSource: Can't find bundle for base name i18n/messages, locale en
[2026-05-01 22:09:49.085] [WARN ] [] [f2d21e6d9ca34adc926f2efe64b35369]: ResourceBundle [pub/i18n/messages] not found for MessageSource: Can't find bundle for base name pub/i18n/messages, locale en
[2026-05-01 22:09:49.085] [WARN ] [] [f2d21e6d9ca34adc926f2efe64b35369]: ResourceBundle [i18n/messages] not found for MessageSource: Can't find bundle for base name i18n/messages, locale en
[2026-05-01 22:09:49.085] [WARN ] [] [f2d21e6d9ca34adc926f2efe64b35369]: ResourceBundle [pub/i18n/messages] not found for MessageSource: Can't find bundle for base name pub/i18n/messages, locale en
[2026-05-01 22:09:49.085] [WARN ] [] [f2d21e6d9ca34adc926f2efe64b35369]: ResourceBundle [i18n/messages] not found for MessageSource: Can't find bundle for base name i18n/messages, locale en
[2026-05-01 22:09:49.085] [WARN ] [] [f2d21e6d9ca34adc926f2efe64b35369]: ResourceBundle [pub/i18n/messages] not found for MessageSource: Can't find bundle for base name pub/i18n/messages, locale en
[2026-05-01 22:09:49.088] [WARN ] [] [f2d21e6d9ca34adc926f2efe64b35369]: ResourceBundle [i18n/messages] not found for MessageSource: Can't find bundle for base name i18n/messages, locale en
[2026-05-01 22:09:49.088] [WARN ] [] [f2d21e6d9ca34adc926f2efe64b35369]: ResourceBundle [pub/i18n/messages] not found for MessageSource: Can't find bundle for base name pub/i18n/messages, locale en
[2026-05-01 22:09:49.089] [WARN ] [] [f2d21e6d9ca34adc926f2efe64b35369]: ResourceBundle [i18n/messages] not found for MessageSource: Can't find bundle for base name i18n/messages, locale en
[2026-05-01 22:09:49.089] [WARN ] [] [f2d21e6d9ca34adc926f2efe64b35369]: ResourceBundle [pub/i18n/messages] not found for MessageSource: Can't find bundle for base name pub/i18n/messages, locale en
[2026-05-01 22:09:49.089] [WARN ] [] [f2d21e6d9ca34adc926f2efe64b35369]: ResourceBundle [i18n/messages] not found for MessageSource: Can't find bundle for base name i18n/messages, locale en
[2026-05-01 22:09:49.089] [WARN ] [] [f2d21e6d9ca34adc926f2efe64b35369]: ResourceBundle [pub/i18n/messages] not found for MessageSource: Can't find bundle for base name pub/i18n/messages, locale en
[2026-05-01 22:09:49.089] [WARN ] [] [f2d21e6d9ca34adc926f2efe64b35369]: ResourceBundle [i18n/messages] not found for MessageSource: Can't find bundle for base name i18n/messages, locale en
[2026-05-01 22:09:49.089] [WARN ] [] [f2d21e6d9ca34adc926f2efe64b35369]: ResourceBundle [pub/i18n/messages] not found for MessageSource: Can't find bundle for base name pub/i18n/messages, locale en
[2026-05-01 22:09:49.090] [WARN ] [] [f2d21e6d9ca34adc926f2efe64b35369]: ResourceBundle [i18n/messages] not found for MessageSource: Can't find bundle for base name i18n/messages, locale en
[2026-05-01 22:09:49.090] [WARN ] [] [f2d21e6d9ca34adc926f2efe64b35369]: ResourceBundle [pub/i18n/messages] not found for MessageSource: Can't find bundle for base name pub/i18n/messages, locale en
[2026-05-01 22:09:49.090] [WARN ] [] [f2d21e6d9ca34adc926f2efe64b35369]: ResourceBundle [i18n/messages] not found for MessageSource: Can't find bundle for base name i18n/messages, locale en
[2026-05-01 22:09:49.090] [WARN ] [] [f2d21e6d9ca34adc926f2efe64b35369]: ResourceBundle [pub/i18n/messages] not found for MessageSource: Can't find bundle for base name pub/i18n/messages, locale en
[2026-05-01 22:09:49.093] [WARN ] [] [f2d21e6d9ca34adc926f2efe64b35369]: ResourceBundle [i18n/messages] not found for MessageSource: Can't find bundle for base name i18n/messages, locale en
[2026-05-01 22:09:49.094] [WARN ] [] [f2d21e6d9ca34adc926f2efe64b35369]: ResourceBundle [pub/i18n/messages] not found for MessageSource: Can't find bundle for base name pub/i18n/messages, locale en
[2026-05-01 22:09:49.094] [WARN ] [] [f2d21e6d9ca34adc926f2efe64b35369]: ResourceBundle [i18n/messages] not found for MessageSource: Can't find bundle for base name i18n/messages, locale en
[2026-05-01 22:09:49.094] [WARN ] [] [f2d21e6d9ca34adc926f2efe64b35369]: ResourceBundle [pub/i18n/messages] not found for MessageSource: Can't find bundle for base name pub/i18n/messages, locale en
[2026-05-01 22:09:49.094] [WARN ] [] [f2d21e6d9ca34adc926f2efe64b35369]: ResourceBundle [i18n/messages] not found for MessageSource: Can't find bundle for base name i18n/messages, locale en
[2026-05-01 22:09:49.094] [WARN ] [] [f2d21e6d9ca34adc926f2efe64b35369]: ResourceBundle [pub/i18n/messages] not found for MessageSource: Can't find bundle for base name pub/i18n/messages, locale en
[2026-05-01 22:09:49.125] [WARN ] [] [f2d21e6d9ca34adc926f2efe64b35369]: ResourceBundle [i18n/messages] not found for MessageSource: Can't find bundle for base name i18n/messages, locale en
[2026-05-01 22:09:49.125] [WARN ] [] [f2d21e6d9ca34adc926f2efe64b35369]: ResourceBundle [pub/i18n/messages] not found for MessageSource: Can't find bundle for base name pub/i18n/messages, locale en
[2026-05-01 22:09:49.126] [WARN ] [] [f2d21e6d9ca34adc926f2efe64b35369]: ResourceBundle [i18n/messages] not found for MessageSource: Can't find bundle for base name i18n/messages, locale en
[2026-05-01 22:09:49.126] [WARN ] [] [f2d21e6d9ca34adc926f2efe64b35369]: ResourceBundle [pub/i18n/messages] not found for MessageSource: Can't find bundle for base name pub/i18n/messages, locale en
[2026-05-01 22:09:49.126] [WARN ] [] [f2d21e6d9ca34adc926f2efe64b35369]: ResourceBundle [i18n/messages] not found for MessageSource: Can't find bundle for base name i18n/messages, locale en
[2026-05-01 22:09:49.126] [WARN ] [] [f2d21e6d9ca34adc926f2efe64b35369]: ResourceBundle [pub/i18n/messages] not found for MessageSource: Can't find bundle for base name pub/i18n/messages, locale en
[2026-05-01 22:09:49.134] [WARN ] [] [f2d21e6d9ca34adc926f2efe64b35369]: ResourceBundle [i18n/messages] not found for MessageSource: Can't find bundle for base name i18n/messages, locale en
[2026-05-01 22:09:49.134] [WARN ] [] [f2d21e6d9ca34adc926f2efe64b35369]: ResourceBundle [pub/i18n/messages] not found for MessageSource: Can't find bundle for base name pub/i18n/messages, locale en
[2026-05-01 22:09:49.134] [WARN ] [] [f2d21e6d9ca34adc926f2efe64b35369]: ResourceBundle [i18n/messages] not found for MessageSource: Can't find bundle for base name i18n/messages, locale en
[2026-05-01 22:09:49.134] [WARN ] [] [f2d21e6d9ca34adc926f2efe64b35369]: ResourceBundle [pub/i18n/messages] not found for MessageSource: Can't find bundle for base name pub/i18n/messages, locale en
[2026-05-01 22:09:49.134] [WARN ] [] [f2d21e6d9ca34adc926f2efe64b35369]: ResourceBundle [i18n/messages] not found for MessageSource: Can't find bundle for base name i18n/messages, locale en
[2026-05-01 22:09:49.134] [WARN ] [] [f2d21e6d9ca34adc926f2efe64b35369]: ResourceBundle [pub/i18n/messages] not found for MessageSource: Can't find bundle for base name pub/i18n/messages, locale en
[2026-05-01 22:09:49.136] [WARN ] [] [f2d21e6d9ca34adc926f2efe64b35369]: ResourceBundle [i18n/messages] not found for MessageSource: Can't find bundle for base name i18n/messages, locale en
[2026-05-01 22:09:49.136] [WARN ] [] [f2d21e6d9ca34adc926f2efe64b35369]: ResourceBundle [pub/i18n/messages] not found for MessageSource: Can't find bundle for base name pub/i18n/messages, locale en
[2026-05-01 22:09:49.137] [WARN ] [] [f2d21e6d9ca34adc926f2efe64b35369]: ResourceBundle [i18n/messages] not found for MessageSource: Can't find bundle for base name i18n/messages, locale en
[2026-05-01 22:09:49.137] [WARN ] [] [f2d21e6d9ca34adc926f2efe64b35369]: ResourceBundle [pub/i18n/messages] not found for MessageSource: Can't find bundle for base name pub/i18n/messages, locale en
[2026-05-01 22:09:49.137] [WARN ] [] [f2d21e6d9ca34adc926f2efe64b35369]: ResourceBundle [i18n/messages] not found for MessageSource: Can't find bundle for base name i18n/messages, locale en
[2026-05-01 22:09:49.137] [WARN ] [] [f2d21e6d9ca34adc926f2efe64b35369]: ResourceBundle [pub/i18n/messages] not found for MessageSource: Can't find bundle for base name pub/i18n/messages, locale en
[2026-05-01 22:09:49.149] [WARN ] [] [f2d21e6d9ca34adc926f2efe64b35369]: ResourceBundle [i18n/messages] not found for MessageSource: Can't find bundle for base name i18n/messages, locale en
[2026-05-01 22:09:49.149] [WARN ] [] [f2d21e6d9ca34adc926f2efe64b35369]: ResourceBundle [pub/i18n/messages] not found for MessageSource: Can't find bundle for base name pub/i18n/messages, locale en
[2026-05-01 22:09:49.150] [WARN ] [] [f2d21e6d9ca34adc926f2efe64b35369]: ResourceBundle [i18n/messages] not found for MessageSource: Can't find bundle for base name i18n/messages, locale en
[2026-05-01 22:09:49.150] [WARN ] [] [f2d21e6d9ca34adc926f2efe64b35369]: ResourceBundle [pub/i18n/messages] not found for MessageSource: Can't find bundle for base name pub/i18n/messages, locale en
[2026-05-01 22:09:49.150] [WARN ] [] [f2d21e6d9ca34adc926f2efe64b35369]: ResourceBundle [i18n/messages] not found for MessageSource: Can't find bundle for base name i18n/messages, locale en
[2026-05-01 22:09:49.150] [WARN ] [] [f2d21e6d9ca34adc926f2efe64b35369]: ResourceBundle [pub/i18n/messages] not found for MessageSource: Can't find bundle for base name pub/i18n/messages, locale en
[2026-05-01 22:09:49.158] [WARN ] [] [f2d21e6d9ca34adc926f2efe64b35369]: ResourceBundle [i18n/messages] not found for MessageSource: Can't find bundle for base name i18n/messages, locale en
[2026-05-01 22:09:49.158] [WARN ] [] [f2d21e6d9ca34adc926f2efe64b35369]: ResourceBundle [pub/i18n/messages] not found for MessageSource: Can't find bundle for base name pub/i18n/messages, locale en
[2026-05-01 22:09:49.158] [WARN ] [] [f2d21e6d9ca34adc926f2efe64b35369]: ResourceBundle [i18n/messages] not found for MessageSource: Can't find bundle for base name i18n/messages, locale en
[2026-05-01 22:09:49.158] [WARN ] [] [f2d21e6d9ca34adc926f2efe64b35369]: ResourceBundle [pub/i18n/messages] not found for MessageSource: Can't find bundle for base name pub/i18n/messages, locale en
[2026-05-01 22:09:49.158] [WARN ] [] [f2d21e6d9ca34adc926f2efe64b35369]: ResourceBundle [i18n/messages] not found for MessageSource: Can't find bundle for base name i18n/messages, locale en
[2026-05-01 22:09:49.158] [WARN ] [] [f2d21e6d9ca34adc926f2efe64b35369]: ResourceBundle [pub/i18n/messages] not found for MessageSource: Can't find bundle for base name pub/i18n/messages, locale en
[2026-05-01 22:09:49.167] [WARN ] [] [f2d21e6d9ca34adc926f2efe64b35369]: ResourceBundle [i18n/messages] not found for MessageSource: Can't find bundle for base name i18n/messages, locale en
[2026-05-01 22:09:49.167] [WARN ] [] [f2d21e6d9ca34adc926f2efe64b35369]: ResourceBundle [pub/i18n/messages] not found for MessageSource: Can't find bundle for base name pub/i18n/messages, locale en
[2026-05-01 22:09:49.168] [WARN ] [] [f2d21e6d9ca34adc926f2efe64b35369]: ResourceBundle [i18n/messages] not found for MessageSource: Can't find bundle for base name i18n/messages, locale en
[2026-05-01 22:09:49.168] [WARN ] [] [f2d21e6d9ca34adc926f2efe64b35369]: ResourceBundle [pub/i18n/messages] not found for MessageSource: Can't find bundle for base name pub/i18n/messages, locale en
[2026-05-01 22:09:49.168] [WARN ] [] [f2d21e6d9ca34adc926f2efe64b35369]: ResourceBundle [i18n/messages] not found for MessageSource: Can't find bundle for base name i18n/messages, locale en
[2026-05-01 22:09:49.168] [WARN ] [] [f2d21e6d9ca34adc926f2efe64b35369]: ResourceBundle [pub/i18n/messages] not found for MessageSource: Can't find bundle for base name pub/i18n/messages, locale en
[2026-05-01 22:09:49.169] [WARN ] [] [f2d21e6d9ca34adc926f2efe64b35369]: ResourceBundle [i18n/messages] not found for MessageSource: Can't find bundle for base name i18n/messages, locale en
[2026-05-01 22:09:49.169] [WARN ] [] [f2d21e6d9ca34adc926f2efe64b35369]: ResourceBundle [pub/i18n/messages] not found for MessageSource: Can't find bundle for base name pub/i18n/messages, locale en
[2026-05-01 22:09:49.169] [WARN ] [] [f2d21e6d9ca34adc926f2efe64b35369]: ResourceBundle [i18n/messages] not found for MessageSource: Can't find bundle for base name i18n/messages, locale en
[2026-05-01 22:09:49.169] [WARN ] [] [f2d21e6d9ca34adc926f2efe64b35369]: ResourceBundle [pub/i18n/messages] not found for MessageSource: Can't find bundle for base name pub/i18n/messages, locale en
[2026-05-01 22:09:49.169] [WARN ] [] [f2d21e6d9ca34adc926f2efe64b35369]: ResourceBundle [i18n/messages] not found for MessageSource: Can't find bundle for base name i18n/messages, locale en
[2026-05-01 22:09:49.169] [WARN ] [] [f2d21e6d9ca34adc926f2efe64b35369]: ResourceBundle [pub/i18n/messages] not found for MessageSource: Can't find bundle for base name pub/i18n/messages, locale en
[2026-05-01 22:09:49.171] [WARN ] [] [f2d21e6d9ca34adc926f2efe64b35369]: ResourceBundle [i18n/messages] not found for MessageSource: Can't find bundle for base name i18n/messages, locale en
[2026-05-01 22:09:49.171] [WARN ] [] [f2d21e6d9ca34adc926f2efe64b35369]: ResourceBundle [pub/i18n/messages] not found for MessageSource: Can't find bundle for base name pub/i18n/messages, locale en
[2026-05-01 22:09:49.171] [WARN ] [] [f2d21e6d9ca34adc926f2efe64b35369]: ResourceBundle [i18n/messages] not found for MessageSource: Can't find bundle for base name i18n/messages, locale en
[2026-05-01 22:09:49.171] [WARN ] [] [f2d21e6d9ca34adc926f2efe64b35369]: ResourceBundle [pub/i18n/messages] not found for MessageSource: Can't find bundle for base name pub/i18n/messages, locale en
[2026-05-01 22:09:49.171] [WARN ] [] [f2d21e6d9ca34adc926f2efe64b35369]: ResourceBundle [i18n/messages] not found for MessageSource: Can't find bundle for base name i18n/messages, locale en
[2026-05-01 22:09:49.171] [WARN ] [] [f2d21e6d9ca34adc926f2efe64b35369]: ResourceBundle [pub/i18n/messages] not found for MessageSource: Can't find bundle for base name pub/i18n/messages, locale en
[2026-05-01 22:09:49.178] [WARN ] [] [f2d21e6d9ca34adc926f2efe64b35369]: ResourceBundle [i18n/messages] not found for MessageSource: Can't find bundle for base name i18n/messages, locale en
[2026-05-01 22:09:49.178] [WARN ] [] [f2d21e6d9ca34adc926f2efe64b35369]: ResourceBundle [pub/i18n/messages] not found for MessageSource: Can't find bundle for base name pub/i18n/messages, locale en
[2026-05-01 22:09:49.178] [WARN ] [] [f2d21e6d9ca34adc926f2efe64b35369]: ResourceBundle [i18n/messages] not found for MessageSource: Can't find bundle for base name i18n/messages, locale en
[2026-05-01 22:09:49.178] [WARN ] [] [f2d21e6d9ca34adc926f2efe64b35369]: ResourceBundle [pub/i18n/messages] not found for MessageSource: Can't find bundle for base name pub/i18n/messages, locale en
[2026-05-01 22:09:49.178] [WARN ] [] [f2d21e6d9ca34adc926f2efe64b35369]: ResourceBundle [i18n/messages] not found for MessageSource: Can't find bundle for base name i18n/messages, locale en
[2026-05-01 22:09:49.178] [WARN ] [] [f2d21e6d9ca34adc926f2efe64b35369]: ResourceBundle [pub/i18n/messages] not found for MessageSource: Can't find bundle for base name pub/i18n/messages, locale en
[2026-05-01 22:09:49.179] [WARN ] [] [f2d21e6d9ca34adc926f2efe64b35369]: ResourceBundle [i18n/messages] not found for MessageSource: Can't find bundle for base name i18n/messages, locale en
[2026-05-01 22:09:49.179] [WARN ] [] [f2d21e6d9ca34adc926f2efe64b35369]: ResourceBundle [pub/i18n/messages] not found for MessageSource: Can't find bundle for base name pub/i18n/messages, locale en
[2026-05-01 22:09:49.180] [WARN ] [] [f2d21e6d9ca34adc926f2efe64b35369]: ResourceBundle [i18n/messages] not found for MessageSource: Can't find bundle for base name i18n/messages, locale en
[2026-05-01 22:09:49.180] [WARN ] [] [f2d21e6d9ca34adc926f2efe64b35369]: ResourceBundle [pub/i18n/messages] not found for MessageSource: Can't find bundle for base name pub/i18n/messages, locale en
[2026-05-01 22:09:49.180] [WARN ] [] [f2d21e6d9ca34adc926f2efe64b35369]: ResourceBundle [i18n/messages] not found for MessageSource: Can't find bundle for base name i18n/messages, locale en
[2026-05-01 22:09:49.180] [WARN ] [] [f2d21e6d9ca34adc926f2efe64b35369]: ResourceBundle [pub/i18n/messages] not found for MessageSource: Can't find bundle for base name pub/i18n/messages, locale en
[2026-05-01 22:09:49.181] [WARN ] [] [f2d21e6d9ca34adc926f2efe64b35369]: ResourceBundle [i18n/messages] not found for MessageSource: Can't find bundle for base name i18n/messages, locale en
[2026-05-01 22:09:49.181] [WARN ] [] [f2d21e6d9ca34adc926f2efe64b35369]: ResourceBundle [pub/i18n/messages] not found for MessageSource: Can't find bundle for base name pub/i18n/messages, locale en
[2026-05-01 22:09:49.181] [WARN ] [] [f2d21e6d9ca34adc926f2efe64b35369]: ResourceBundle [i18n/messages] not found for MessageSource: Can't find bundle for base name i18n/messages, locale en
[2026-05-01 22:09:49.181] [WARN ] [] [f2d21e6d9ca34adc926f2efe64b35369]: ResourceBundle [pub/i18n/messages] not found for MessageSource: Can't find bundle for base name pub/i18n/messages, locale en
[2026-05-01 22:09:49.181] [WARN ] [] [f2d21e6d9ca34adc926f2efe64b35369]: ResourceBundle [i18n/messages] not found for MessageSource: Can't find bundle for base name i18n/messages, locale en
[2026-05-01 22:09:49.181] [WARN ] [] [f2d21e6d9ca34adc926f2efe64b35369]: ResourceBundle [pub/i18n/messages] not found for MessageSource: Can't find bundle for base name pub/i18n/messages, locale en
[2026-05-01 22:09:49.192] [WARN ] [] [f2d21e6d9ca34adc926f2efe64b35369]: ResourceBundle [i18n/messages] not found for MessageSource: Can't find bundle for base name i18n/messages, locale en
[2026-05-01 22:09:49.192] [WARN ] [] [f2d21e6d9ca34adc926f2efe64b35369]: ResourceBundle [pub/i18n/messages] not found for MessageSource: Can't find bundle for base name pub/i18n/messages, locale en
[2026-05-01 22:09:49.193] [WARN ] [] [f2d21e6d9ca34adc926f2efe64b35369]: ResourceBundle [i18n/messages] not found for MessageSource: Can't find bundle for base name i18n/messages, locale en
[2026-05-01 22:09:49.193] [WARN ] [] [f2d21e6d9ca34adc926f2efe64b35369]: ResourceBundle [pub/i18n/messages] not found for MessageSource: Can't find bundle for base name pub/i18n/messages, locale en
[2026-05-01 22:09:49.193] [WARN ] [] [f2d21e6d9ca34adc926f2efe64b35369]: ResourceBundle [i18n/messages] not found for MessageSource: Can't find bundle for base name i18n/messages, locale en
[2026-05-01 22:09:49.193] [WARN ] [] [f2d21e6d9ca34adc926f2efe64b35369]: ResourceBundle [pub/i18n/messages] not found for MessageSource: Can't find bundle for base name pub/i18n/messages, locale en
[2026-05-01 22:09:49.194] [WARN ] [] [f2d21e6d9ca34adc926f2efe64b35369]: ResourceBundle [i18n/messages] not found for MessageSource: Can't find bundle for base name i18n/messages, locale en
[2026-05-01 22:09:49.194] [WARN ] [] [f2d21e6d9ca34adc926f2efe64b35369]: ResourceBundle [pub/i18n/messages] not found for MessageSource: Can't find bundle for base name pub/i18n/messages, locale en
[2026-05-01 22:09:49.194] [WARN ] [] [f2d21e6d9ca34adc926f2efe64b35369]: ResourceBundle [i18n/messages] not found for MessageSource: Can't find bundle for base name i18n/messages, locale en
[2026-05-01 22:09:49.194] [WARN ] [] [f2d21e6d9ca34adc926f2efe64b35369]: ResourceBundle [pub/i18n/messages] not found for MessageSource: Can't find bundle for base name pub/i18n/messages, locale en
[2026-05-01 22:09:49.194] [WARN ] [] [f2d21e6d9ca34adc926f2efe64b35369]: ResourceBundle [i18n/messages] not found for MessageSource: Can't find bundle for base name i18n/messages, locale en
[2026-05-01 22:09:49.195] [WARN ] [] [f2d21e6d9ca34adc926f2efe64b35369]: ResourceBundle [pub/i18n/messages] not found for MessageSource: Can't find bundle for base name pub/i18n/messages, locale en
[2026-05-01 22:09:49.195] [WARN ] [] [f2d21e6d9ca34adc926f2efe64b35369]: ResourceBundle [i18n/messages] not found for MessageSource: Can't find bundle for base name i18n/messages, locale en
[2026-05-01 22:09:49.195] [WARN ] [] [f2d21e6d9ca34adc926f2efe64b35369]: ResourceBundle [pub/i18n/messages] not found for MessageSource: Can't find bundle for base name pub/i18n/messages, locale en
[2026-05-01 22:09:49.195] [WARN ] [] [f2d21e6d9ca34adc926f2efe64b35369]: ResourceBundle [i18n/messages] not found for MessageSource: Can't find bundle for base name i18n/messages, locale en
[2026-05-01 22:09:49.196] [WARN ] [] [f2d21e6d9ca34adc926f2efe64b35369]: ResourceBundle [pub/i18n/messages] not found for MessageSource: Can't find bundle for base name pub/i18n/messages, locale en
[2026-05-01 22:09:49.196] [WARN ] [] [f2d21e6d9ca34adc926f2efe64b35369]: ResourceBundle [i18n/messages] not found for MessageSource: Can't find bundle for base name i18n/messages, locale en
[2026-05-01 22:09:49.196] [WARN ] [] [f2d21e6d9ca34adc926f2efe64b35369]: ResourceBundle [pub/i18n/messages] not found for MessageSource: Can't find bundle for base name pub/i18n/messages, locale en
[2026-05-01 22:09:49.207] [WARN ] [] [f2d21e6d9ca34adc926f2efe64b35369]: ResourceBundle [i18n/messages] not found for MessageSource: Can't find bundle for base name i18n/messages, locale en
[2026-05-01 22:09:49.207] [WARN ] [] [f2d21e6d9ca34adc926f2efe64b35369]: ResourceBundle [pub/i18n/messages] not found for MessageSource: Can't find bundle for base name pub/i18n/messages, locale en
[2026-05-01 22:09:49.207] [WARN ] [] [f2d21e6d9ca34adc926f2efe64b35369]: ResourceBundle [i18n/messages] not found for MessageSource: Can't find bundle for base name i18n/messages, locale en
[2026-05-01 22:09:49.207] [WARN ] [] [f2d21e6d9ca34adc926f2efe64b35369]: ResourceBundle [pub/i18n/messages] not found for MessageSource: Can't find bundle for base name pub/i18n/messages, locale en
[2026-05-01 22:09:49.207] [WARN ] [] [f2d21e6d9ca34adc926f2efe64b35369]: ResourceBundle [i18n/messages] not found for MessageSource: Can't find bundle for base name i18n/messages, locale en
[2026-05-01 22:09:49.207] [WARN ] [] [f2d21e6d9ca34adc926f2efe64b35369]: ResourceBundle [pub/i18n/messages] not found for MessageSource: Can't find bundle for base name pub/i18n/messages, locale en
[2026-05-01 22:09:49.209] [WARN ] [] [f2d21e6d9ca34adc926f2efe64b35369]: ResourceBundle [i18n/messages] not found for MessageSource: Can't find bundle for base name i18n/messages, locale en
[2026-05-01 22:09:49.209] [WARN ] [] [f2d21e6d9ca34adc926f2efe64b35369]: ResourceBundle [pub/i18n/messages] not found for MessageSource: Can't find bundle for base name pub/i18n/messages, locale en
[2026-05-01 22:09:49.209] [WARN ] [] [f2d21e6d9ca34adc926f2efe64b35369]: ResourceBundle [i18n/messages] not found for MessageSource: Can't find bundle for base name i18n/messages, locale en
[2026-05-01 22:09:49.209] [WARN ] [] [f2d21e6d9ca34adc926f2efe64b35369]: ResourceBundle [pub/i18n/messages] not found for MessageSource: Can't find bundle for base name pub/i18n/messages, locale en
[2026-05-01 22:09:49.209] [WARN ] [] [f2d21e6d9ca34adc926f2efe64b35369]: ResourceBundle [i18n/messages] not found for MessageSource: Can't find bundle for base name i18n/messages, locale en
[2026-05-01 22:09:49.209] [WARN ] [] [f2d21e6d9ca34adc926f2efe64b35369]: ResourceBundle [pub/i18n/messages] not found for MessageSource: Can't find bundle for base name pub/i18n/messages, locale en
[2026-05-01 22:09:49.212] [WARN ] [] [f2d21e6d9ca34adc926f2efe64b35369]: ResourceBundle [i18n/messages] not found for MessageSource: Can't find bundle for base name i18n/messages, locale en
[2026-05-01 22:09:49.212] [WARN ] [] [f2d21e6d9ca34adc926f2efe64b35369]: ResourceBundle [pub/i18n/messages] not found for MessageSource: Can't find bundle for base name pub/i18n/messages, locale en
[2026-05-01 22:09:49.212] [WARN ] [] [f2d21e6d9ca34adc926f2efe64b35369]: ResourceBundle [i18n/messages] not found for MessageSource: Can't find bundle for base name i18n/messages, locale en
[2026-05-01 22:09:49.212] [WARN ] [] [f2d21e6d9ca34adc926f2efe64b35369]: ResourceBundle [pub/i18n/messages] not found for MessageSource: Can't find bundle for base name pub/i18n/messages, locale en
[2026-05-01 22:09:49.213] [WARN ] [] [f2d21e6d9ca34adc926f2efe64b35369]: ResourceBundle [i18n/messages] not found for MessageSource: Can't find bundle for base name i18n/messages, locale en
[2026-05-01 22:09:49.213] [WARN ] [] [f2d21e6d9ca34adc926f2efe64b35369]: ResourceBundle [pub/i18n/messages] not found for MessageSource: Can't find bundle for base name pub/i18n/messages, locale en
[2026-05-01 22:09:49.222] [WARN ] [] [f2d21e6d9ca34adc926f2efe64b35369]: ResourceBundle [i18n/messages] not found for MessageSource: Can't find bundle for base name i18n/messages, locale en
[2026-05-01 22:09:49.222] [WARN ] [] [f2d21e6d9ca34adc926f2efe64b35369]: ResourceBundle [pub/i18n/messages] not found for MessageSource: Can't find bundle for base name pub/i18n/messages, locale en
[2026-05-01 22:09:49.222] [WARN ] [] [f2d21e6d9ca34adc926f2efe64b35369]: ResourceBundle [i18n/messages] not found for MessageSource: Can't find bundle for base name i18n/messages, locale en
[2026-05-01 22:09:49.222] [WARN ] [] [f2d21e6d9ca34adc926f2efe64b35369]: ResourceBundle [pub/i18n/messages] not found for MessageSource: Can't find bundle for base name pub/i18n/messages, locale en
[2026-05-01 22:09:49.222] [WARN ] [] [f2d21e6d9ca34adc926f2efe64b35369]: ResourceBundle [i18n/messages] not found for MessageSource: Can't find bundle for base name i18n/messages, locale en
[2026-05-01 22:09:49.222] [WARN ] [] [f2d21e6d9ca34adc926f2efe64b35369]: ResourceBundle [pub/i18n/messages] not found for MessageSource: Can't find bundle for base name pub/i18n/messages, locale en
[2026-05-01 22:09:49.223] [WARN ] [] [f2d21e6d9ca34adc926f2efe64b35369]: ResourceBundle [i18n/messages] not found for MessageSource: Can't find bundle for base name i18n/messages, locale en
[2026-05-01 22:09:49.223] [WARN ] [] [f2d21e6d9ca34adc926f2efe64b35369]: ResourceBundle [pub/i18n/messages] not found for MessageSource: Can't find bundle for base name pub/i18n/messages, locale en
[2026-05-01 22:09:49.224] [WARN ] [] [f2d21e6d9ca34adc926f2efe64b35369]: ResourceBundle [i18n/messages] not found for MessageSource: Can't find bundle for base name i18n/messages, locale en
[2026-05-01 22:09:49.224] [WARN ] [] [f2d21e6d9ca34adc926f2efe64b35369]: ResourceBundle [pub/i18n/messages] not found for MessageSource: Can't find bundle for base name pub/i18n/messages, locale en
[2026-05-01 22:09:49.224] [WARN ] [] [f2d21e6d9ca34adc926f2efe64b35369]: ResourceBundle [i18n/messages] not found for MessageSource: Can't find bundle for base name i18n/messages, locale en
[2026-05-01 22:09:49.224] [WARN ] [] [f2d21e6d9ca34adc926f2efe64b35369]: ResourceBundle [pub/i18n/messages] not found for MessageSource: Can't find bundle for base name pub/i18n/messages, locale en
[2026-05-01 22:09:49.226] [WARN ] [] [f2d21e6d9ca34adc926f2efe64b35369]: ResourceBundle [i18n/messages] not found for MessageSource: Can't find bundle for base name i18n/messages, locale en
[2026-05-01 22:09:49.226] [WARN ] [] [f2d21e6d9ca34adc926f2efe64b35369]: ResourceBundle [pub/i18n/messages] not found for MessageSource: Can't find bundle for base name pub/i18n/messages, locale en
[2026-05-01 22:09:49.226] [WARN ] [] [f2d21e6d9ca34adc926f2efe64b35369]: ResourceBundle [i18n/messages] not found for MessageSource: Can't find bundle for base name i18n/messages, locale en
[2026-05-01 22:09:49.226] [WARN ] [] [f2d21e6d9ca34adc926f2efe64b35369]: ResourceBundle [pub/i18n/messages] not found for MessageSource: Can't find bundle for base name pub/i18n/messages, locale en
[2026-05-01 22:09:49.227] [WARN ] [] [f2d21e6d9ca34adc926f2efe64b35369]: ResourceBundle [i18n/messages] not found for MessageSource: Can't find bundle for base name i18n/messages, locale en
[2026-05-01 22:09:49.227] [WARN ] [] [f2d21e6d9ca34adc926f2efe64b35369]: ResourceBundle [pub/i18n/messages] not found for MessageSource: Can't find bundle for base name pub/i18n/messages, locale en
[2026-05-01 22:09:49.228] [WARN ] [] [f2d21e6d9ca34adc926f2efe64b35369]: ResourceBundle [i18n/messages] not found for MessageSource: Can't find bundle for base name i18n/messages, locale en
[2026-05-01 22:09:49.228] [WARN ] [] [f2d21e6d9ca34adc926f2efe64b35369]: ResourceBundle [pub/i18n/messages] not found for MessageSource: Can't find bundle for base name pub/i18n/messages, locale en
[2026-05-01 22:09:49.228] [WARN ] [] [f2d21e6d9ca34adc926f2efe64b35369]: ResourceBundle [i18n/messages] not found for MessageSource: Can't find bundle for base name i18n/messages, locale en
[2026-05-01 22:09:49.228] [WARN ] [] [f2d21e6d9ca34adc926f2efe64b35369]: ResourceBundle [pub/i18n/messages] not found for MessageSource: Can't find bundle for base name pub/i18n/messages, locale en
[2026-05-01 22:09:49.228] [WARN ] [] [f2d21e6d9ca34adc926f2efe64b35369]: ResourceBundle [i18n/messages] not found for MessageSource: Can't find bundle for base name i18n/messages, locale en
[2026-05-01 22:09:49.228] [WARN ] [] [f2d21e6d9ca34adc926f2efe64b35369]: ResourceBundle [pub/i18n/messages] not found for MessageSource: Can't find bundle for base name pub/i18n/messages, locale en
[2026-05-01 22:09:49.230] [WARN ] [] [f2d21e6d9ca34adc926f2efe64b35369]: ResourceBundle [i18n/messages] not found for MessageSource: Can't find bundle for base name i18n/messages, locale en
[2026-05-01 22:09:49.230] [WARN ] [] [f2d21e6d9ca34adc926f2efe64b35369]: ResourceBundle [pub/i18n/messages] not found for MessageSource: Can't find bundle for base name pub/i18n/messages, locale en
[2026-05-01 22:09:49.230] [WARN ] [] [f2d21e6d9ca34adc926f2efe64b35369]: ResourceBundle [i18n/messages] not found for MessageSource: Can't find bundle for base name i18n/messages, locale en
[2026-05-01 22:09:49.230] [WARN ] [] [f2d21e6d9ca34adc926f2efe64b35369]: ResourceBundle [pub/i18n/messages] not found for MessageSource: Can't find bundle for base name pub/i18n/messages, locale en
[2026-05-01 22:09:49.230] [WARN ] [] [f2d21e6d9ca34adc926f2efe64b35369]: ResourceBundle [i18n/messages] not found for MessageSource: Can't find bundle for base name i18n/messages, locale en
[2026-05-01 22:09:49.231] [WARN ] [] [f2d21e6d9ca34adc926f2efe64b35369]: ResourceBundle [pub/i18n/messages] not found for MessageSource: Can't find bundle for base name pub/i18n/messages, locale en
[2026-05-01 22:09:49.239] [WARN ] [] [f2d21e6d9ca34adc926f2efe64b35369]: ResourceBundle [i18n/messages] not found for MessageSource: Can't find bundle for base name i18n/messages, locale en
[2026-05-01 22:09:49.239] [WARN ] [] [f2d21e6d9ca34adc926f2efe64b35369]: ResourceBundle [pub/i18n/messages] not found for MessageSource: Can't find bundle for base name pub/i18n/messages, locale en
[2026-05-01 22:09:49.239] [WARN ] [] [f2d21e6d9ca34adc926f2efe64b35369]: ResourceBundle [i18n/messages] not found for MessageSource: Can't find bundle for base name i18n/messages, locale en
[2026-05-01 22:09:49.239] [WARN ] [] [f2d21e6d9ca34adc926f2efe64b35369]: ResourceBundle [pub/i18n/messages] not found for MessageSource: Can't find bundle for base name pub/i18n/messages, locale en
[2026-05-01 22:09:49.239] [WARN ] [] [f2d21e6d9ca34adc926f2efe64b35369]: ResourceBundle [i18n/messages] not found for MessageSource: Can't find bundle for base name i18n/messages, locale en
[2026-05-01 22:09:49.239] [WARN ] [] [f2d21e6d9ca34adc926f2efe64b35369]: ResourceBundle [pub/i18n/messages] not found for MessageSource: Can't find bundle for base name pub/i18n/messages, locale en
[2026-05-01 22:09:49.244] [WARN ] [] [f2d21e6d9ca34adc926f2efe64b35369]: ResourceBundle [i18n/messages] not found for MessageSource: Can't find bundle for base name i18n/messages, locale en
[2026-05-01 22:09:49.245] [WARN ] [] [f2d21e6d9ca34adc926f2efe64b35369]: ResourceBundle [pub/i18n/messages] not found for MessageSource: Can't find bundle for base name pub/i18n/messages, locale en
[2026-05-01 22:09:49.245] [WARN ] [] [f2d21e6d9ca34adc926f2efe64b35369]: ResourceBundle [i18n/messages] not found for MessageSource: Can't find bundle for base name i18n/messages, locale en
[2026-05-01 22:09:49.245] [WARN ] [] [f2d21e6d9ca34adc926f2efe64b35369]: ResourceBundle [pub/i18n/messages] not found for MessageSource: Can't find bundle for base name pub/i18n/messages, locale en
[2026-05-01 22:09:49.245] [WARN ] [] [f2d21e6d9ca34adc926f2efe64b35369]: ResourceBundle [i18n/messages] not found for MessageSource: Can't find bundle for base name i18n/messages, locale en
[2026-05-01 22:09:49.245] [WARN ] [] [f2d21e6d9ca34adc926f2efe64b35369]: ResourceBundle [pub/i18n/messages] not found for MessageSource: Can't find bundle for base name pub/i18n/messages, locale en
[2026-05-01 22:09:49.246] [WARN ] [] [f2d21e6d9ca34adc926f2efe64b35369]: ResourceBundle [i18n/messages] not found for MessageSource: Can't find bundle for base name i18n/messages, locale en
[2026-05-01 22:09:49.246] [WARN ] [] [f2d21e6d9ca34adc926f2efe64b35369]: ResourceBundle [pub/i18n/messages] not found for MessageSource: Can't find bundle for base name pub/i18n/messages, locale en
[2026-05-01 22:09:49.246] [WARN ] [] [f2d21e6d9ca34adc926f2efe64b35369]: ResourceBundle [i18n/messages] not found for MessageSource: Can't find bundle for base name i18n/messages, locale en
[2026-05-01 22:09:49.246] [WARN ] [] [f2d21e6d9ca34adc926f2efe64b35369]: ResourceBundle [pub/i18n/messages] not found for MessageSource: Can't find bundle for base name pub/i18n/messages, locale en
[2026-05-01 22:09:49.246] [WARN ] [] [f2d21e6d9ca34adc926f2efe64b35369]: ResourceBundle [i18n/messages] not found for MessageSource: Can't find bundle for base name i18n/messages, locale en
[2026-05-01 22:09:49.246] [WARN ] [] [f2d21e6d9ca34adc926f2efe64b35369]: ResourceBundle [pub/i18n/messages] not found for MessageSource: Can't find bundle for base name pub/i18n/messages, locale en
[2026-05-01 22:09:49.269] [INFO ] [] [f2d21e6d9ca34adc926f2efe64b35369]: Init duration for springdoc-openapi is: 499 ms
